#-----------------------------------------------------------
# Webtalk v2016.3 (64-bit)
# SW Build 1682563 on Mon Oct 10 19:07:27 MDT 2016
# IP Build 1681267 on Mon Oct 10 21:28:31 MDT 2016
# Start of session at: Tue Jul 25 11:32:45 2017
# Process ID: 9392
# Current directory: D:/TabledAsymetricNumeralSystems/KompresjaDanych/KompresjaDanych/KompresjaDanych.sim/sim_1/behav
# Command line: wbtcv.exe -mode batch -source D:/TabledAsymetricNumeralSystems/KompresjaDanych/KompresjaDanych/KompresjaDanych.sim/sim_1/behav/xsim.dir/Decoder_Test_behav/webtalk/xsim_webtalk.tcl -notrace
# Log file: D:/TabledAsymetricNumeralSystems/KompresjaDanych/KompresjaDanych/KompresjaDanych.sim/sim_1/behav/webtalk.log
# Journal file: D:/TabledAsymetricNumeralSystems/KompresjaDanych/KompresjaDanych/KompresjaDanych.sim/sim_1/behav\webtalk.jou
#-----------------------------------------------------------
source D:/TabledAsymetricNumeralSystems/KompresjaDanych/KompresjaDanych/KompresjaDanych.sim/sim_1/behav/xsim.dir/Decoder_Test_behav/webtalk/xsim_webtalk.tcl -notrace
