#-----------------------------------------------------------
# Vivado v2016.4 (64-bit)
# SW Build 1756540 on Mon Jan 23 19:11:23 MST 2017
# IP Build 1755317 on Mon Jan 23 20:30:07 MST 2017
# Start of session at: Thu Aug 03 23:52:14 2017
# Process ID: 10320
# Current directory: C:/Users/tomas/OneDrive/Dokumenty/GitHub/TabledAsymetricNumeralSystems/KompresjaDanych/KompresjaDanych/KompresjaDanych.runs/start_memblock_synth_1
# Command line: vivado.exe -log start_memblock.vds -product Vivado -mode batch -messageDb vivado.pb -notrace -source start_memblock.tcl
# Log file: C:/Users/tomas/OneDrive/Dokumenty/GitHub/TabledAsymetricNumeralSystems/KompresjaDanych/KompresjaDanych/KompresjaDanych.runs/start_memblock_synth_1/start_memblock.vds
# Journal file: C:/Users/tomas/OneDrive/Dokumenty/GitHub/TabledAsymetricNumeralSystems/KompresjaDanych/KompresjaDanych/KompresjaDanych.runs/start_memblock_synth_1\vivado.jou
#-----------------------------------------------------------
source start_memblock.tcl -notrace
