#-----------------------------------------------------------
# Vivado v2016.3 (64-bit)
# SW Build 1682563 on Mon Oct 10 19:07:27 MDT 2016
# IP Build 1681267 on Mon Oct 10 21:28:31 MDT 2016
# Start of session at: Wed Aug 09 10:51:26 2017
# Process ID: 4500
# Current directory: D:/TabledAsymetricNumeralSystems/KompresjaDanych/KompresjaDanych/KompresjaDanych.runs/encoding_table_block_auto_pc_0_synth_1
# Command line: vivado.exe -log encoding_table_block_auto_pc_0.vds -product Vivado -mode batch -messageDb vivado.pb -notrace -source encoding_table_block_auto_pc_0.tcl
# Log file: D:/TabledAsymetricNumeralSystems/KompresjaDanych/KompresjaDanych/KompresjaDanych.runs/encoding_table_block_auto_pc_0_synth_1/encoding_table_block_auto_pc_0.vds
# Journal file: D:/TabledAsymetricNumeralSystems/KompresjaDanych/KompresjaDanych/KompresjaDanych.runs/encoding_table_block_auto_pc_0_synth_1\vivado.jou
#-----------------------------------------------------------
source encoding_table_block_auto_pc_0.tcl -notrace
